Archive member included to satisfy reference by file (symbol)

/usr/lib/arm-none-eabi/newlib/thumb/v7-m/nofp/libc.a(libc_a-strncmp.o)
                              build_roadhunter-application/WString.o (strncmp)
/usr/lib/arm-none-eabi/newlib/thumb/v7-m/nofp/libc.a(libc_a-strchr.o)
                              build_roadhunter-application/WString.o (strchr)
/usr/lib/arm-none-eabi/newlib/thumb/v7-m/nofp/libc.a(libc_a-tolower.o)
                              build_roadhunter-application/WString.o (tolower)
/usr/lib/arm-none-eabi/newlib/thumb/v7-m/nofp/libc.a(libc_a-rand.o)
                              build_roadhunter-application/WMath.o (srand)
/usr/lib/arm-none-eabi/newlib/thumb/v7-m/nofp/libc.a(libc_a-memcpy.o)
                              build_roadhunter-application/message.o (memcpy)
/usr/lib/arm-none-eabi/newlib/thumb/v7-m/nofp/libc.a(libc_a-memmove.o)
                              build_roadhunter-application/WString.o (memmove)
/usr/lib/arm-none-eabi/newlib/thumb/v7-m/nofp/libc.a(libc_a-atol.o)
                              build_roadhunter-application/WString.o (atol)
/usr/lib/arm-none-eabi/newlib/thumb/v7-m/nofp/libc.a(libc_a-atof.o)
                              build_roadhunter-application/WString.o (atof)
/usr/lib/arm-none-eabi/newlib/thumb/v7-m/nofp/libc.a(libc_a-strtod.o)
                              /usr/lib/arm-none-eabi/newlib/thumb/v7-m/nofp/libc.a(libc_a-atof.o) (strtod)
/usr/lib/arm-none-eabi/newlib/thumb/v7-m/nofp/libc.a(libc_a-strcat.o)
                              build_roadhunter-application/dtostrf.o (strcat)
/usr/lib/arm-none-eabi/newlib/thumb/v7-m/nofp/libc.a(libc_a-gdtoa-gethex.o)
                              /usr/lib/arm-none-eabi/newlib/thumb/v7-m/nofp/libc.a(libc_a-strtod.o) (__gethex)
/usr/lib/arm-none-eabi/newlib/thumb/v7-m/nofp/libc.a(libc_a-memcmp.o)
                              build_roadhunter-application/mbmfuncfiles.o (memcmp)
/usr/lib/arm-none-eabi/newlib/thumb/v7-m/nofp/libc.a(libc_a-errno.o)
                              /usr/lib/arm-none-eabi/newlib/thumb/v7-m/nofp/libc.a(libc_a-strtod.o) (__errno)
/usr/lib/arm-none-eabi/newlib/thumb/v7-m/nofp/libc.a(libc_a-strlen-stub.o)
                              build_roadhunter-application/xprintf.o (strlen)
/usr/lib/arm-none-eabi/newlib/thumb/v7-m/nofp/libc.a(libc_a-strrchr.o)
                              build_roadhunter-application/WString.o (strrchr)
/usr/lib/arm-none-eabi/newlib/thumb/v7-m/nofp/libc.a(libc_a-realloc.o)
                              build_roadhunter-application/WString.o (realloc)
/usr/lib/arm-none-eabi/newlib/thumb/v7-m/nofp/libc.a(libc_a-strcpy.o)
                              build_roadhunter-application/sys_dbg.o (strcpy)
/usr/lib/arm-none-eabi/newlib/thumb/v7-m/nofp/libc.a(libc_a-snprintf.o)
                              build_roadhunter-application/scr_rh_game_over.o (snprintf)
/usr/lib/arm-none-eabi/newlib/thumb/v7-m/nofp/libc.a(libc_a-svfprintf.o)
                              /usr/lib/arm-none-eabi/newlib/thumb/v7-m/nofp/libc.a(libc_a-snprintf.o) (_svfprintf_r)
/usr/lib/arm-none-eabi/newlib/thumb/v7-m/nofp/libc.a(libc_a-strtol.o)
                              /usr/lib/arm-none-eabi/newlib/thumb/v7-m/nofp/libc.a(libc_a-atol.o) (_strtol_r)
/usr/lib/arm-none-eabi/newlib/thumb/v7-m/nofp/libc.a(libc_a-isspace.o)
                              build_roadhunter-application/WString.o (isspace)
/usr/lib/arm-none-eabi/newlib/thumb/v7-m/nofp/libc.a(libc_a-malloc.o)
                              build_roadhunter-application/message.o (malloc)
/usr/lib/arm-none-eabi/newlib/thumb/v7-m/nofp/libc.a(libc_a-ctype_.o)
                              /usr/lib/arm-none-eabi/newlib/thumb/v7-m/nofp/libc.a(libc_a-tolower.o) (_ctype_)
/usr/lib/arm-none-eabi/newlib/thumb/v7-m/nofp/libc.a(libc_a-strstr.o)
                              build_roadhunter-application/WString.o (strstr)
/usr/lib/arm-none-eabi/newlib/thumb/v7-m/nofp/libc.a(libc_a-memset.o)
                              build_roadhunter-application/task.o (memset)
/usr/lib/arm-none-eabi/newlib/thumb/v7-m/nofp/libc.a(libc_a-reallocr.o)
                              /usr/lib/arm-none-eabi/newlib/thumb/v7-m/nofp/libc.a(libc_a-realloc.o) (_realloc_r)
/usr/lib/arm-none-eabi/newlib/thumb/v7-m/nofp/libc.a(libc_a-impure.o)
                              /usr/lib/arm-none-eabi/newlib/thumb/v7-m/nofp/libc.a(libc_a-rand.o) (_impure_ptr)
/usr/lib/arm-none-eabi/newlib/thumb/v7-m/nofp/libc.a(libc_a-mlock.o)
                              /usr/lib/arm-none-eabi/newlib/thumb/v7-m/nofp/libc.a(libc_a-reallocr.o) (__malloc_lock)
/usr/lib/arm-none-eabi/newlib/thumb/v7-m/nofp/libc.a(libc_a-strcmp.o)
                              build_roadhunter-application/cmd_line.o (strcmp)
/usr/lib/arm-none-eabi/newlib/thumb/v7-m/nofp/libc.a(libc_a-strncpy.o)
                              build_roadhunter-application/WString.o (strncpy)
/usr/lib/arm-none-eabi/newlib/thumb/v7-m/nofp/libc.a(libc_a-toupper.o)
                              build_roadhunter-application/WString.o (toupper)
[...]
Memory Configuration

Name             Origin             Length             Attributes
BSF              0x08002000         0x00001000         xr
FLASH            0x08003000         0x0001d000         xr
SRAM             0x20000000         0x00004000         xrw
*default*        0x00000000         0xffffffff

Linker script and memory map

                0x00000800                        HEAP_SIZE = 0x800

.start_boot_share_data_flash
                0x08002000        0x0
                0x08002000                        _start_boot_share_data_flash = .

.start_flash    0x08003000        0x0
                0x08003000                        _start_flash = .

.isr_vector     0x08003000       0xf4
                0x08003000                        _isr_vector = .
 *(.isr_vector)
 .isr_vector    0x08003000       0xf4 build_roadhunter-application/system.o
                0x08003000                isr_vector
                0x080030f4                        . = ALIGN (0x4)

.text           0x080030f8    0x17b18
                0x080030f8                        . = ALIGN (0x4)
 *(.text)
 .text          0x080030f8       0x48 /usr/lib/arm-none-eabi/newlib/thumb/v7-m/nofp/libc.a(libc_a-rand.o)
                0x080030f8                srand
                0x08003108                rand
 .text          0x08003140       0xec /usr/lib/arm-none-eabi/newlib/thumb/v7-m/nofp/libc.a(libc_a-memcpy.o)
                0x08003140                memcpy
 .text          0x0800322c      0x130 /usr/lib/arm-none-eabi/newlib/thumb/v7-m/nofp/libc.a(libc_a-memmove.o)
                0x0800322c                memmove
 .text          0x0800335c       0x5c /usr/lib/arm-none-eabi/newlib/thumb/v7-m/nofp/libc.a(libc_a-memcmp.o)
                0x0800335c                memcmp
 .text          0x080033b8        0xc /usr/lib/arm-none-eabi/newlib/thumb/v7-m/nofp/libc.a(libc_a-errno.o)
                0x080033b8                __errno
 .text          0x080033c4       0x5c /usr/lib/arm-none-eabi/newlib/thumb/v7-m/nofp/libc.a(libc_a-strlen-stub.o)
                0x080033c4                strlen
 .text          0x08003420       0xbc /usr/lib/arm-none-eabi/newlib/thumb/v7-m/nofp/libc.a(libc_a-strcpy.o)
                0x08003420                strcpy
 .text          0x080034dc      0x10c /usr/lib/arm-none-eabi/newlib/thumb/v7-m/nofp/libc.a(libc_a-snprintf.o)
                0x080034dc                _snprintf_r
                0x0800355c                snprintf
 .text          0x080035e8     0x1a70 /usr/lib/arm-none-eabi/newlib/thumb/v7-m/nofp/libc.a(libc_a-svfprintf.o)
                0x080035e8                _svfprintf_r
 .text          0x08005058      0x174 /usr/lib/arm-none-eabi/newlib/thumb/v7-m/nofp/libc.a(libc_a-strtol.o)
                0x08005190                _strtol_r
                0x08005194                strtol_l
                0x080051b0                strtol
 .text          0x080051cc       0x20 /usr/lib/arm-none-eabi/newlib/thumb/v7-m/nofp/libc.a(libc_a-malloc.o)
                0x080051cc                malloc
                0x080051dc                free
 .text          0x080051ec       0x9c /usr/lib/arm-none-eabi/newlib/thumb/v7-m/nofp/libc.a(libc_a-memset.o)
                0x080051ec                memset
 .text          0x08005288      0x350 /usr/lib/arm-none-eabi/newlib/thumb/v7-m/nofp/libc.a(libc_a-reallocr.o)
                0x08005288                _realloc_r
 .text          0x080055d8        0x8 /usr/lib/arm-none-eabi/newlib/thumb/v7-m/nofp/libc.a(libc_a-mlock.o)
                0x080055d8                __malloc_lock
                0x080055dc                __malloc_unlock
 .text          0x080055e0      0x1bc /usr/lib/arm-none-eabi/newlib/thumb/v7-m/nofp/libc.a(libc_a-strcmp.o)
                0x080055e0                strcmp
 .text          0x0800579c       0x4c /usr/lib/arm-none-eabi/newlib/thumb/v7-m/nofp/libc.a(libc_a-assert.o)
                0x0800579c                __assert_func
                0x080057dc                __assert
 .text          0x080057e8      0xa98 /usr/lib/arm-none-eabi/newlib/thumb/v7-m/nofp/libc.a(libc_a-mprec.o)
                0x080057e8                _Balloc
                0x08005834                _Bfree
                0x08005848                __multadd
                0x080058ec                __s2b
                0x0800599c                __hi0bits
                0x080059f0                __lo0bits
                0x08005a6c                __i2b
                0x08005ac8                __multiply
                0x08005c30                __pow5mult
                0x08005cf0                __lshift
                0x08005dd8                __mcmp
                0x08005e18                __mdiff
                0x08005f7c                __ulp
                0x08005fcc                __b2d
                0x0800607c                __d2b
                0x08006134                __ratio
                0x08006190                _mprec_log10
                0x080061c8                __copybits
                0x08006228                __any_on
 .text          0x08006280       0x58 /usr/lib/arm-none-eabi/newlib/thumb/v7-m/nofp/libc.a(libc_a-ssprint_r.o)
                0x08006280                __ssprint_r
 .text          0x080062d8       0x44 /usr/lib/arm-none-eabi/newlib/thumb/v7-m/nofp/libc.a(libc_a-fiprintf.o)
                0x080062d8                _fiprintf_r
                0x080062f4                fiprintf
 .text          0x0800631c      0x224 /usr/lib/arm-none-eabi/newlib/thumb/v7-m/nofp/libc.a(libc_a-findfp.o)
                0x0800644c                __sfp
                0x080064f0                __sinit
                0x08006510                __sfp_lock_acquire
                0x08006514                __sfp_lock_release
                0x08006518                __fp_lock_all
                0x0800652c                __fp_unlock_all
 .text          0x08006540       0x40 /usr/lib/arm-none-eabi/newlib/thumb/v7-m/nofp/libc.a(libc_a-mbtowc_r.o)
                0x08006540                _mbtowc_r
                0x08006554                __ascii_mbtowc
 .text          0x08006580       0x44 /usr/lib/arm-none-eabi/newlib/thumb/v7-m/nofp/libc.a(libc_a-fwalk.o)
                0x08006580                _fwalk_sglue
 .text          0x080065c4       0x10 /usr/lib/arm-none-eabi/newlib/thumb/v7-m/nofp/libc.a(libc_a-abort.o)
                0x080065c4                abort
 .text          0x080065d4       0x14 /usr/lib/arm-none-eabi/newlib/thumb/v7-m/nofp/libc.a(libc_a-localeconv.o)
                0x080065d4                __localeconv_l
                0x080065d8                _localeconv_r
                0x080065e0                localeconv
 .text          0x080065e8       0x6c /usr/lib/arm-none-eabi/newlib/thumb/v7-m/nofp/libc.a(libc_a-callocr.o)
                0x080065e8                _calloc_r
 .text          0x08006654      0x570 /usr/lib/arm-none-eabi/newlib/thumb/v7-m/nofp/libc.a(libc_a-mallocr.o)
                0x08006654                _malloc_r
 .text          0x08006bc4       0x80 /usr/lib/arm-none-eabi/newlib/thumb/v7-m/nofp/libc.a(libc_a-memchr-stub.o)
                0x08006bc4                memchr
 *fill*         0x08006c44        0x4 
 .text          0x08006c48     0x1168 /usr/lib/arm-none-eabi/newlib/thumb/v7-m/nofp/libc.a(libc_a-dtoa.o)
                0x08006d84                _dtoa_r
 .text          0x08007db0       0x24 /usr/lib/arm-none-eabi/newlib/thumb/v7-m/nofp/libc.a(libc_a-sbrkr.o)
                0x08007db0                _sbrk_r
 .text          0x08007dd4      0x2a0 /usr/lib/arm-none-eabi/newlib/thumb/v7-m/nofp/libc.a(libc_a-freer.o)
                0x08007dd4                _malloc_trim_r
                0x08007e8c                _free_r
 .text          0x08008074       0x30 /usr/lib/arm-none-eabi/newlib/thumb/v7-m/nofp/libc.a(libc_a-wctomb_r.o)
                0x08008074                _wctomb_r
                0x08008088                __ascii_wctomb
 .text          0x080080a4       0xc0 /usr/lib/arm-none-eabi/newlib/thumb/v7-m/nofp/libc.a(libc_a-ssputs_r.o)
                0x080080a4                __ssputs_r
 .text          0x08008164       0x94 /usr/lib/arm-none-eabi/newlib/thumb/v7-m/nofp/libc.a(libc_a-stdio.o)
                0x08008164                __sread
                0x08008188                __seofread
                0x0800818c                __swrite
                0x080081cc                __sseek
                0x080081f0                __sclose
 .text          0x080081f8      0x280 /usr/lib/arm-none-eabi/newlib/thumb/v7-m/nofp/libc.a(libc_a-signal.o)
                0x080081f8                _init_signal_r
                0x08008228                _signal_r
                0x08008278                _raise_r
                0x080082cc                __sigtramp_r
                0x08008330                raise
                0x08008388                signal
                0x080083d8                _init_signal
                0x08008410                __sigtramp
 .text          0x08008478       0xa0 /usr/lib/arm-none-eabi/newlib/thumb/v7-m/nofp/libc.a(libc_a-fclose.o)
                0x08008478                _fclose_r
                0x08008508                fclose
 .text          0x08008518      0xe0c /usr/lib/arm-none-eabi/newlib/thumb/v7-m/nofp/libc.a(libc_a-vfiprintf.o)
                0x08008518                _vfiprintf_r
                0x0800929c                vfiprintf
 .text          0x08009324       0x2c /usr/lib/arm-none-eabi/newlib/thumb/v7-m/nofp/libc.a(libc_a-readr.o)
                0x08009324                _read_r
 .text          0x08009350       0x1c /usr/lib/arm-none-eabi/newlib/thumb/v7-m/nofp/libc.a(libc_a-sysconf.o)
                0x08009350                sysconf
 .text          0x0800936c       0x20 /usr/lib/arm-none-eabi/newlib/thumb/v7-m/nofp/libc.a(libc_a-sprint_r.o)
                0x0800936c                __sprint_r
 .text          0x0800938c       0x2c /usr/lib/arm-none-eabi/newlib/thumb/v7-m/nofp/libc.a(libc_a-writer.o)
                0x0800938c                _write_r
 .text          0x080093b8       0x24 /usr/lib/arm-none-eabi/newlib/thumb/v7-m/nofp/libc.a(libc_a-closer.o)
                0x080093b8                _close_r
 .text          0x080093dc      0x198 /usr/lib/arm-none-eabi/newlib/thumb/v7-m/nofp/libc.a(libc_a-fflush.o)
                0x080093dc                __sflush_r
                0x08009500                _fflush_r
                0x0800952c                fflush
 .text          0x08009574       0x2c /usr/lib/arm-none-eabi/newlib/thumb/v7-m/nofp/libc.a(libc_a-signalr.o)
                0x08009574                _kill_r
                0x0800959c                _getpid_r
 .text          0x080095a0       0x2c /usr/lib/arm-none-eabi/newlib/thumb/v7-m/nofp/libc.a(libc_a-lseekr.o)
                0x080095a0                _lseek_r
 .text          0x080095cc       0xfc /usr/lib/arm-none-eabi/newlib/thumb/v7-m/nofp/libc.a(libc_a-wsetup.o)
                0x080095cc                __swsetup_r
 .text          0x080096c8      0x2d8 /usr/lib/arm-none-eabi/newlib/thumb/v7-m/nofp/libc.a(libc_a-fvwrite.o)
                0x080096c8                __sfvwrite_r
 .text          0x080099a0      0x130 /usr/lib/arm-none-eabi/newlib/thumb/v7-m/nofp/libc.a(libc_a-makebuf.o)
                0x080099a0                __smakebuf_r
                0x08009a70                __swhatbuf_r
 .text          0x08009ad0       0x28 /usr/lib/arm-none-eabi/newlib/thumb/v7-m/nofp/libc.a(libc_a-fstatr.o)
                0x08009ad0                _fstat_r
 .text          0x08009af8       0x24 /usr/lib/arm-none-eabi/newlib/thumb/v7-m/nofp/libc.a(libc_a-isattyr.o)
                0x08009af8                _isatty_r
 *fill*         0x08009b1c        0x4 
 .text          0x08009b20      0x32c /usr/lib/arm-none-eabi/newlib/thumb/v7-m/nofp/libm.a(libm_a-s_atan.o)
                0x08009b20                atan
 .text          0x08009e4c        0x8 /usr/lib/arm-none-eabi/newlib/thumb/v7-m/nofp/libm.a(libm_a-s_fabs.o)
                0x08009e4c                fabs
 .text          0x08009e54      0x378 /usr/lib/gcc/arm-none-eabi/14.2.1/thumb/v7-m/nofp/libgcc.a(_arm_addsubdf3.o)
                0x08009e54                __aeabi_drsub
                0x08009e5c                __aeabi_dsub
                0x08009e5c                __subdf3
                0x08009e60                __adddf3
                0x08009e60                __aeabi_dadd
                0x0800a0d8                __aeabi_ui2d
                0x0800a0d8                __floatunsidf
                0x0800a0f8                __floatsidf
                0x0800a0f8                __aeabi_i2d
                0x0800a11c                __extendsfdf2
                0x0800a11c                __aeabi_f2d
                0x0800a160                __aeabi_ul2d
                0x0800a160                __floatundidf
                0x0800a170                __floatdidf
                0x0800a170                __aeabi_l2d
 .text          0x0800a1cc      0x424 /usr/lib/gcc/arm-none-eabi/14.2.1/thumb/v7-m/nofp/libgcc.a(_arm_muldivdf3.o)
                0x0800a1cc                __aeabi_dmul
                0x0800a1cc                __muldf3
                0x0800a420                __aeabi_ddiv
                0x0800a420                __divdf3
 .text          0x0800a5f0      0x110 /usr/lib/gcc/arm-none-eabi/14.2.1/thumb/v7-m/nofp/libgcc.a(_arm_cmpdf2.o)
                0x0800a5f0                __gtdf2
                0x0800a5f0                __gedf2
                0x0800a5f8                __ltdf2
                0x0800a5f8                __ledf2
                0x0800a600                __cmpdf2
                0x0800a600                __eqdf2
                0x0800a600                __nedf2
                0x0800a67c                __aeabi_cdrcmple
                0x0800a68c                __aeabi_cdcmple
                0x0800a68c                __aeabi_cdcmpeq
                0x0800a69c                __aeabi_dcmpeq
                0x0800a6b0                __aeabi_dcmplt
                0x0800a6c4                __aeabi_dcmple
                0x0800a6d8                __aeabi_dcmpge
                0x0800a6ec                __aeabi_dcmpgt
 .text          0x0800a700       0x2c /usr/lib/gcc/arm-none-eabi/14.2.1/thumb/v7-m/nofp/libgcc.a(_arm_unorddf2.o)
                0x0800a700                __aeabi_dcmpun
                0x0800a700                __unorddf2
 .text          0x0800a72c       0x50 /usr/lib/gcc/arm-none-eabi/14.2.1/thumb/v7-m/nofp/libgcc.a(_arm_fixdfsi.o)
                0x0800a72c                __fixdfsi
                0x0800a72c                __aeabi_d2iz
 .text          0x0800a77c       0x40 /usr/lib/gcc/arm-none-eabi/14.2.1/thumb/v7-m/nofp/libgcc.a(_arm_fixunsdfsi.o)
                0x0800a77c                __fixunsdfsi
                0x0800a77c                __aeabi_d2uiz
 .text          0x0800a7bc      0x21c /usr/lib/gcc/arm-none-eabi/14.2.1/thumb/v7-m/nofp/libgcc.a(_arm_addsubsf3.o)
                0x0800a7bc                __aeabi_frsub
                0x0800a7c4                __subsf3
                0x0800a7c4                __aeabi_fsub
                0x0800a7c8                __aeabi_fadd
                0x0800a7c8                __addsf3
                0x0800a928                __aeabi_ui2f
                0x0800a928                __floatunsisf
                0x0800a930                __aeabi_i2f
                0x0800a930                __floatsisf
                0x0800a94c                __floatundisf
                0x0800a94c                __aeabi_ul2f
                0x0800a95c                __floatdisf
                0x0800a95c                __aeabi_l2f
 .text          0x0800a9d8       0x30 /usr/lib/gcc/arm-none-eabi/14.2.1/thumb/v7-m/nofp/libgcc.a(_aeabi_uldivmod.o)
                0x0800a9d8                __aeabi_uldivmod
 .text          0x0800aa08      0x2f4 /usr/lib/gcc/arm-none-eabi/14.2.1/thumb/v7-m/nofp/libgcc.a(_udivmoddi4.o)
                0x0800aa08                __udivmoddi4
 .text          0x0800acfc        0x4 /usr/lib/gcc/arm-none-eabi/14.2.1/thumb/v7-m/nofp/libgcc.a(_dvmd_tls.o)
                0x0800acfc                __aeabi_ldiv0
                0x0800acfc                __aeabi_idiv0
 .text          0x0800ad00       0x14 /usr/lib/arm-none-eabi/newlib/thumb/v7-m/nofp/librdpmon.a(_exit.o)
                0x0800ad00                _exit
 .text          0x0800ad14        0x8 /usr/lib/arm-none-eabi/newlib/thumb/v7-m/nofp/librdpmon.a(_kill.o)
                0x0800ad14                _kill
                0x0800ad18                _kill_shared
 .text          0x0800ad1c      0x79c /usr/lib/arm-none-eabi/newlib/thumb/v7-m/nofp/librdpmon.a(syscalls.o)
                0x0800ad1c                initialise_monitor_handles
                0x0800ada0                _has_ext_exit_extended
                0x0800adb8                _has_ext_stdout_stderr
                0x0800add0                _swiread
                0x0800adec                _read
                0x0800ae54                _swilseek
                0x0800aeec                _lseek
                0x0800aef0                _swiwrite
                0x0800af0c                _write
                0x0800af90                _swiclose
                0x0800afac                _close
                0x0800b028                _getpid
                0x0800b080                _swistat
                0x0800b0ec                _fstat
                0x0800b160                _stat
                0x0800b1f4                _swiopen
                0x0800b2b8                _open
                0x0800b2cc                _get_semihosting_exts
                0x0800b3ac                _link
                0x0800b3c0                _unlink
                0x0800b3e0                _gettimeofday
                0x0800b410                _clock
                0x0800b418                _times
                0x0800b430                _isatty
                0x0800b480                _system
                0x0800b49c                _rename
 *(.text*)
 .text.fsm_dispatch
                0x0800b4b8        0x6 build_roadhunter-application/fsm.o
                0x0800b4b8                fsm_dispatch
 *fill*         0x0800b4be        0x2 
 .text.task_create
                0x0800b4c0       0x40 build_roadhunter-application/task.o
                0x0800b4c0                task_create
 .text.task_polling_create
                0x0800b500       0x34 build_roadhunter-application/task.o
                0x0800b500                task_polling_create
 .text.task_post
                0x0800b534       0x84 build_roadhunter-application/task.o
                0x0800b534                task_post
 .text.task_remove_msg
                0x0800b5b8       0xc0 build_roadhunter-application/task.o
                0x0800b5b8                task_remove_msg
 .text.task_post_pure_msg
                0x0800b678       0x18 build_roadhunter-application/task.o
                0x0800b678                task_post_pure_msg
 .text.task_post_common_msg
                0x0800b690       0x2a build_roadhunter-application/task.o
                0x0800b690                task_post_common_msg
 *fill*         0x0800b6ba        0x2 
 .text.task_entry_interrupt
                0x0800b6bc       0x1c build_roadhunter-application/task.o
                0x0800b6bc                task_entry_interrupt
 .text.task_exit_interrupt
                0x0800b6d8       0x24 build_roadhunter-application/task.o
                0x0800b6d8                task_exit_interrupt
 .text.task_init
                0x0800b6fc       0x40 build_roadhunter-application/task.o
                0x0800b6fc                task_init
 .text.task_polling_run
                0x0800b73c       0x34 build_roadhunter-application/task.o
                0x0800b73c                task_polling_run
 .text.task_run
                0x0800b770      0x138 build_roadhunter-application/task.o
                0x0800b770                task_run
 .text.get_current_task_id
                0x0800b8a8        0xc build_roadhunter-application/task.o
                0x0800b8a8                get_current_task_id
 .text.get_current_task_info
                0x0800b8b4        0x8 build_roadhunter-application/task.o
                0x0800b8b4                get_current_task_info
 .text.get_current_active_object
                0x0800b8bc        0x8 build_roadhunter-application/task.o
                0x0800b8bc                get_current_active_object
 .text.timer_remove_msg
                0x0800b8c4       0x64 build_roadhunter-application/timer.o
 .text.task_timer_tick
                0x0800b928       0x7c build_roadhunter-application/timer.o
                0x0800b928                task_timer_tick
 .text.timer_init
                0x0800b9a4       0x6c build_roadhunter-application/timer.o
                0x0800b9a4                timer_init
 .text.timer_tick
                0x0800ba10       0x38 build_roadhunter-application/timer.o
                0x0800ba10                timer_tick
 .text.timer_set
                0x0800ba48       0x9c build_roadhunter-application/timer.o
                0x0800ba48                timer_set
 .text.timer_remove_attr
                0x0800bae4       0x18 build_roadhunter-application/timer.o
                0x0800bae4                timer_remove_attr
 .text.free_common_msg
                0x0800bafc       0x28 build_roadhunter-application/message.o
 .text.free_pure_msg
                0x0800bb24       0x28 build_roadhunter-application/message.o
 .text.free_dynamic_msg
                0x0800bb4c       0x30 build_roadhunter-application/message.o
 .text.msg_init
                0x0800bb7c      0x100 build_roadhunter-application/message.o
                0x0800bb7c                msg_init
 .text.msg_force_free
                0x0800bc7c       0x44 build_roadhunter-application/message.o
                0x0800bc7c                msg_force_free
 .text.msg_inc_ref_count
                0x0800bcc0       0x2c build_roadhunter-application/message.o
                0x0800bcc0                msg_inc_ref_count
 .text.msg_dec_ref_count
                0x0800bcec       0x28 build_roadhunter-application/message.o
                0x0800bcec                msg_dec_ref_count
 .text.msg_free
                0x0800bd14       0x58 build_roadhunter-application/message.o
                0x0800bd14                msg_free
 .text.ak_malloc
                0x0800bd6c       0x50 build_roadhunter-application/message.o
                0x0800bd6c                ak_malloc
 .text.ak_free  0x0800bdbc        0x4 build_roadhunter-application/message.o
                0x0800bdbc                ak_free
 .text.get_pure_msg
                0x0800bdc0       0x5c build_roadhunter-application/message.o
                0x0800bdc0                get_pure_msg
 .text.get_common_msg
                0x0800be1c       0x60 build_roadhunter-application/message.o
                0x0800be1c                get_common_msg
 .text.set_data_common_msg
                0x0800be7c       0x4c build_roadhunter-application/message.o
                0x0800be7c                set_data_common_msg
 .text.get_data_common_msg
                0x0800bec8       0x28 build_roadhunter-application/message.o
                0x0800bec8                get_data_common_msg
 .text.get_data_len_common_msg
                0x0800bef0       0x28 build_roadhunter-application/message.o
                0x0800bef0                get_data_len_common_msg
 .text.get_dynamic_msg
                0x0800bf18       0x64 build_roadhunter-application/message.o
                0x0800bf18                get_dynamic_msg
 .text.set_data_dynamic_msg
                0x0800bf7c       0x3c build_roadhunter-application/message.o
                0x0800bf7c                set_data_dynamic_msg
 .text.get_data_dynamic_msg
                0x0800bfb8       0x28 build_roadhunter-application/message.o
                0x0800bfb8                get_data_dynamic_msg
 .text.get_data_len_dynamic_msg
                0x0800bfe0        0x4 build_roadhunter-application/message.o
                0x0800bfe0                get_data_len_dynamic_msg
 .text.log_queue_init
                0x0800bfe4       0x2e build_roadhunter-application/log_queue.o
                0x0800bfe4                log_queue_init
 .text.log_queue_len
                0x0800c012        0x4 build_roadhunter-application/log_queue.o
                0x0800c012                log_queue_len
 .text.log_queue_put
                0x0800c016       0x5c build_roadhunter-application/log_queue.o
                0x0800c016                log_queue_put
 .text.log_queue_get
                0x0800c072       0x30 build_roadhunter-application/log_queue.o
                0x0800c072                log_queue_get
 .text.fifo_init
                0x0800c0a2       0x12 build_roadhunter-application/fifo.o
                0x0800c0a2                fifo_init
 .text.fifo_availble
                0x0800c0b4        0x4 build_roadhunter-application/fifo.o
                0x0800c0b4                fifo_availble
 .text.fifo_is_full
                0x0800c0b8        0xc build_roadhunter-application/fifo.o
                0x0800c0b8                fifo_is_full
 .text.fifo_put
                0x0800c0c4       0x54 build_roadhunter-application/fifo.o
                0x0800c0c4                fifo_put
 .text.fifo_get
                0x0800c118       0x50 build_roadhunter-application/fifo.o
                0x0800c118                fifo_get
 .text.ring_buffer_char_init
                0x0800c168        0xc build_roadhunter-application/ring_buffer.o
                0x0800c168                ring_buffer_char_init
 .text.ring_buffer_char_is_empty
                0x0800c174        0xa build_roadhunter-application/ring_buffer.o
                0x0800c174                ring_buffer_char_is_empty
 .text.ring_buffer_char_put
                0x0800c17e       0x36 build_roadhunter-application/ring_buffer.o
                0x0800c17e                ring_buffer_char_put
 .text.ring_buffer_char_get
                0x0800c1b4       0x28 build_roadhunter-application/ring_buffer.o
                0x0800c1b4                ring_buffer_char_get
 .text.mem_read
                0x0800c1dc       0x18 build_roadhunter-application/utils.o
                0x0800c1dc                mem_read
 .text.mem_write
                0x0800c1f4       0x1a build_roadhunter-application/utils.o
                0x0800c1f4                mem_write
 *fill*         0x0800c20e        0x2 
 .text.ilog10   0x0800c210       0xd8 build_roadhunter-application/xprintf.o
 .text.i10x     0x0800c2e8       0x78 build_roadhunter-application/xprintf.o
 .text.xfputc   0x0800c360       0x30 build_roadhunter-application/xprintf.o
                0x0800c360                xfputc
 .text.xputc    0x0800c390       0x10 build_roadhunter-application/xprintf.o
                0x0800c390                xputc
 .text.xvfprintf
                0x0800c3a0      0x590 build_roadhunter-application/xprintf.o
 .text.xprintf  0x0800c930       0x24 build_roadhunter-application/xprintf.o
                0x0800c930                xprintf
 .text.cmd_line_parser
                0x0800c954       0x74 build_roadhunter-application/cmd_line.o
                0x0800c954                cmd_line_parser
 .text.button_init
                0x0800c9c8       0x34 build_roadhunter-application/button.o
                0x0800c9c8                button_init
 .text.button_enable
                0x0800c9fc        0x6 build_roadhunter-application/button.o
                0x0800c9fc                button_enable
 .text.button_timer_polling
                0x0800ca02       0x76 build_roadhunter-application/button.o
                0x0800ca02                button_timer_polling
 .text.flash_wait_to_idle
                0x0800ca78       0x32 build_roadhunter-application/flash.o
 .text.flash_set_write_enable.constprop.0
                0x0800caaa       0x14 build_roadhunter-application/flash.o
 .text.flash_is_connected
                0x0800cabe       0x22 build_roadhunter-application/flash.o
                0x0800cabe                flash_is_connected
 .text.flash_read
                0x0800cae0       0x5a build_roadhunter-application/flash.o
                0x0800cae0                flash_read
 .text.flash_write
                0x0800cb3a       0x68 build_roadhunter-application/flash.o
                0x0800cb3a                flash_write
 .text.flash_erase_sector
                0x0800cba2       0x48 build_roadhunter-application/flash.o
                0x0800cba2                flash_erase_sector
 .text.flash_erase_block_64k
                0x0800cbea       0x46 build_roadhunter-application/flash.o
                0x0800cbea                flash_erase_block_64k
 .text.led_init
                0x0800cc30       0x20 build_roadhunter-application/led.o
                0x0800cc30                led_init
 .text.led_on   0x0800cc50        0xc build_roadhunter-application/led.o
                0x0800cc50                led_on
 .text.led_off  0x0800cc5c        0xc build_roadhunter-application/led.o
                0x0800cc5c                led_off
 .text.led_toggle
                0x0800cc68       0x12 build_roadhunter-application/led.o
                0x0800cc68                led_toggle
 *fill*         0x0800cc7a        0x2 
 .text.BUZZER_Init
                0x0800cc7c       0xd0 build_roadhunter-application/buzzer.o
                0x0800cc7c                BUZZER_Init
 .text.BUZZER_Disable
                0x0800cd4c       0x38 build_roadhunter-application/buzzer.o
                0x0800cd4c                BUZZER_Disable
 .text.BUZZER_Enable
                0x0800cd84       0x84 build_roadhunter-application/buzzer.o
                0x0800cd84                BUZZER_Enable
 .text.buzzer_irq
                0x0800ce08       0x98 build_roadhunter-application/buzzer.o
                0x0800ce08                buzzer_irq
 .text.BUZZER_PlaySound
                0x0800cea0       0x3c build_roadhunter-application/buzzer.o
                0x0800cea0                BUZZER_PlaySound
 .text.sys_dbg_cpu_dump
                0x0800cedc       0x4c build_roadhunter-application/sys_dbg.o
                0x0800cedc                sys_dbg_cpu_dump
 .text.sys_dbg_stack_space_dump
                0x0800cf28       0x30 build_roadhunter-application/sys_dbg.o
                0x0800cf28                sys_dbg_stack_space_dump
 .text.sys_dbg_fatal
                0x0800cf58      0x3ac build_roadhunter-application/sys_dbg.o
                0x0800cf58                sys_dbg_fatal
 .text.sys_boot_init
                0x0800d304       0x14 build_roadhunter-application/sys_boot.o
                0x0800d304                sys_boot_init
 .text.sys_boot_get
                0x0800d318        0xc build_roadhunter-application/sys_boot.o
                0x0800d318                sys_boot_get
 .text.sys_boot_set
                0x0800d324       0x30 build_roadhunter-application/sys_boot.o
                0x0800d324                sys_boot_set
 .text.eMBExceptionToErrorcode
                0x0800d354       0x14 build_roadhunter-application/mbutils.o
                0x0800d354                eMBExceptionToErrorcode
 .text.eMBMReleaseHdl
                0x0800d368       0x58 build_roadhunter-application/mbm.o
 .text.bMBMResponseTimeoutCB
                0x0800d3c0       0x18 build_roadhunter-application/mbm.o
 .text.bMBMIsHdlValid
                0x0800d3d8       0x18 build_roadhunter-application/mbm.o
                0x0800d3d8                bMBMIsHdlValid
 .text.vMBMMasterTransactionPolled
                0x0800d3f0       0xae build_roadhunter-application/mbm.o
                0x0800d3f0                vMBMMasterTransactionPolled
 *fill*         0x0800d49e        0x2 
 .text.eMBMSerialInitExt
                0x0800d4a0       0xbc build_roadhunter-application/mbm.o
                0x0800d4a0                eMBMSerialInitExt
 .text.usMBMCRC16
                0x0800d55c       0x2c build_roadhunter-application/mbmcrc.o
                0x0800d55c                usMBMCRC16
 .text.bMBMSerialWaitCB
                0x0800d588       0x3c build_roadhunter-application/mbmrtu.o
 .text.bMBMSerialRTUT35CB
                0x0800d5c4       0x58 build_roadhunter-application/mbmrtu.o
 .text.bMBMSerialRTUTransmitterEmptyAPIV1CB
                0x0800d61c       0xae build_roadhunter-application/mbmrtu.o
 .text.bMBMSerialRTUReceiverAPIV1CB
                0x0800d6ca       0xa0 build_roadhunter-application/mbmrtu.o
 *fill*         0x0800d76a        0x2 
 .text.eMBMSerialRTUFrameCloseInternal
                0x0800d76c       0x8c build_roadhunter-application/mbmrtu.o
 .text.eMBMSerialRTUFrameReceive
                0x0800d7f8       0xc4 build_roadhunter-application/mbmrtu.o
 .text.eMBMSerialRTUFrameSend
                0x0800d8bc       0xd0 build_roadhunter-application/mbmrtu.o
 .text.eMBMSerialRTUFrameClose
                0x0800d98c       0x18 build_roadhunter-application/mbmrtu.o
 .text.eMBMSerialRTUInit
                0x0800d9a4      0x118 build_roadhunter-application/mbmrtu.o
                0x0800d9a4                eMBMSerialRTUInit
 .text.vMBMReadHoldingRegistersPolled
                0x0800dabc      0x14c build_roadhunter-application/mbmfuncholding.o
                0x0800dabc                vMBMReadHoldingRegistersPolled
 .text.eMBMReadHoldingRegisters
                0x0800dc08       0x42 build_roadhunter-application/mbmfuncholding.o
                0x0800dc08                eMBMReadHoldingRegisters
 *fill*         0x0800dc4a        0x2 
 .text.vMBMReadCoilsPolled
                0x0800dc4c      0x128 build_roadhunter-application/mbmfunccoils.o
                0x0800dc4c                vMBMReadCoilsPolled
 .text.eMBMReadCoils
                0x0800dd74       0x42 build_roadhunter-application/mbmfunccoils.o
                0x0800dd74                eMBMReadCoils
 *fill*         0x0800ddb6        0x2 
 .text.vMBMReadDiscreteInputsPolled
                0x0800ddb8      0x124 build_roadhunter-application/mbmfuncdisc.o
                0x0800ddb8                vMBMReadDiscreteInputsPolled
 .text.eMBMReadDiscreteInputs
                0x0800dedc       0x42 build_roadhunter-application/mbmfuncdisc.o
                0x0800dedc                eMBMReadDiscreteInputs
 *fill*         0x0800df1e        0x2 
 .text.vMBMReadInputRegistersPolled
                0x0800df20      0x134 build_roadhunter-application/mbmfuncinput.o
                0x0800df20                vMBMReadInputRegistersPolled
 .text.eMBMReadInputRegisters
                0x0800e054       0x42 build_roadhunter-application/mbmfuncinput.o
                0x0800e054                eMBMReadInputRegisters
 *fill*         0x0800e096        0x2 
 .text.eMBPEventCreate
                0x0800e098       0x58 build_roadhunter-application/mbportevent.o
                0x0800e098                eMBPEventCreate
 .text.eMBPEventPost
                0x0800e0f0       0x2c build_roadhunter-application/mbportevent.o
                0x0800e0f0                eMBPEventPost
 .text.bMBPEventGet
                0x0800e11c       0x34 build_roadhunter-application/mbportevent.o
                0x0800e11c                bMBPEventGet
 .text.vMBPEventDelete
                0x0800e150       0x2c build_roadhunter-application/mbportevent.o
                0x0800e150                vMBPEventDelete
 .text.vMBPAssert
                0x0800e17c       0x1c build_roadhunter-application/mbportother.o
                0x0800e17c                vMBPAssert
 .text.vMBPEnterCritical
                0x0800e198        0x4 build_roadhunter-application/mbportother.o
                0x0800e198                vMBPEnterCritical
 .text.vMBPExitCritical
                0x0800e19c        0x4 build_roadhunter-application/mbportother.o
                0x0800e19c                vMBPExitCritical
 .text.eMBPSerialInit
                0x0800e1a0      0x138 build_roadhunter-application/mbportserial.o
                0x0800e1a0                eMBPSerialInit
 .text.eMBPSerialClose
                0x0800e2d8       0x58 build_roadhunter-application/mbportserial.o
                0x0800e2d8                eMBPSerialClose
 .text.eMBPSerialTxEnable
                0x0800e330       0x6c build_roadhunter-application/mbportserial.o
                0x0800e330                eMBPSerialTxEnable
 .text.eMBPSerialRxEnable
                0x0800e39c       0x58 build_roadhunter-application/mbportserial.o
                0x0800e39c                eMBPSerialRxEnable
 .text.vMBPUSART2ISR
                0x0800e3f4       0xec build_roadhunter-application/mbportserial.o
                0x0800e3f4                vMBPUSART2ISR
 .text.eMBPTimerInit
                0x0800e4e0       0xdc build_roadhunter-application/mbporttimer.o
                0x0800e4e0                eMBPTimerInit
 .text.vMBPTimerClose
                0x0800e5bc       0x28 build_roadhunter-application/mbporttimer.o
                0x0800e5bc                vMBPTimerClose
 .text.eMBPTimerStart
                0x0800e5e4       0x2c build_roadhunter-application/mbporttimer.o
                0x0800e5e4                eMBPTimerStart
 .text.eMBPTimerStop
                0x0800e610       0x30 build_roadhunter-application/mbporttimer.o
                0x0800e610                eMBPTimerStop
 .text.vMBPTimerISR
                0x0800e640       0x58 build_roadhunter-application/mbporttimer.o
                0x0800e640                vMBPTimerISR
 .text.GPIO_Init
                0x0800e698       0x74 build_roadhunter-application/stm32l1xx_gpio.o
                0x0800e698                GPIO_Init
 .text.GPIO_ReadInputDataBit
                0x0800e70c        0xe build_roadhunter-application/stm32l1xx_gpio.o
                0x0800e70c                GPIO_ReadInputDataBit
 .text.GPIO_SetBits
                0x0800e71a        0x4 build_roadhunter-application/stm32l1xx_gpio.o
                0x0800e71a                GPIO_SetBits
 .text.GPIO_ResetBits
                0x0800e71e        0x4 build_roadhunter-application/stm32l1xx_gpio.o
                0x0800e71e                GPIO_ResetBits
 .text.GPIO_PinAFConfig
                0x0800e722       0x24 build_roadhunter-application/stm32l1xx_gpio.o
                0x0800e722                GPIO_PinAFConfig
 *fill*         0x0800e746        0x2 
 .text.RCC_HSICmd
                0x0800e748        0xc build_roadhunter-application/stm32l1xx_rcc.o
                0x0800e748                RCC_HSICmd
 .text.RCC_GetClocksFreq
                0x0800e754       0x94 build_roadhunter-application/stm32l1xx_rcc.o
                0x0800e754                RCC_GetClocksFreq
 .text.RCC_AHBPeriphClockCmd
                0x0800e7e8       0x18 build_roadhunter-application/stm32l1xx_rcc.o
                0x0800e7e8                RCC_AHBPeriphClockCmd
 .text.RCC_APB2PeriphClockCmd
                0x0800e800       0x18 build_roadhunter-application/stm32l1xx_rcc.o
                0x0800e800                RCC_APB2PeriphClockCmd
 .text.RCC_APB1PeriphClockCmd
                0x0800e818       0x18 build_roadhunter-application/stm32l1xx_rcc.o
                0x0800e818                RCC_APB1PeriphClockCmd
 .text.RCC_APB2PeriphResetCmd
                0x0800e830       0x18 build_roadhunter-application/stm32l1xx_rcc.o
                0x0800e830                RCC_APB2PeriphResetCmd
 .text.RCC_APB1PeriphResetCmd
                0x0800e848       0x18 build_roadhunter-application/stm32l1xx_rcc.o
                0x0800e848                RCC_APB1PeriphResetCmd
 .text.RCC_GetFlagStatus
                0x0800e860       0x20 build_roadhunter-application/stm32l1xx_rcc.o
                0x0800e860                RCC_GetFlagStatus
 .text.USART_DeInit
                0x0800e880       0x9c build_roadhunter-application/stm32l1xx_usart.o
                0x0800e880                USART_DeInit
 .text.USART_Init
                0x0800e91c       0xa4 build_roadhunter-application/stm32l1xx_usart.o
                0x0800e91c                USART_Init
 .text.USART_ClockInit
                0x0800e9c0       0x20 build_roadhunter-application/stm32l1xx_usart.o
                0x0800e9c0                USART_ClockInit
 .text.USART_Cmd
                0x0800e9e0       0x18 build_roadhunter-application/stm32l1xx_usart.o
                0x0800e9e0                USART_Cmd
 .text.USART_SendData
                0x0800e9f8        0x8 build_roadhunter-application/stm32l1xx_usart.o
                0x0800e9f8                USART_SendData
 .text.USART_ReceiveData
                0x0800ea00        0x8 build_roadhunter-application/stm32l1xx_usart.o
                0x0800ea00                USART_ReceiveData
 .text.USART_ITConfig
                0x0800ea08       0x32 build_roadhunter-application/stm32l1xx_usart.o
                0x0800ea08                USART_ITConfig
 .text.USART_GetFlagStatus
                0x0800ea3a        0xe build_roadhunter-application/stm32l1xx_usart.o
                0x0800ea3a                USART_GetFlagStatus
 .text.USART_GetITStatus
                0x0800ea48       0x3c build_roadhunter-application/stm32l1xx_usart.o
                0x0800ea48                USART_GetITStatus
 .text.USART_ClearITPendingBit
                0x0800ea84        0xe build_roadhunter-application/stm32l1xx_usart.o
                0x0800ea84                USART_ClearITPendingBit
 *fill*         0x0800ea92        0x2 
 .text.SPI_I2S_DeInit
                0x0800ea94       0x64 build_roadhunter-application/stm32l1xx_spi.o
                0x0800ea94                SPI_I2S_DeInit
 .text.SPI_Init
                0x0800eaf8       0x3e build_roadhunter-application/stm32l1xx_spi.o
                0x0800eaf8                SPI_Init
 .text.SPI_Cmd  0x0800eb36       0x18 build_roadhunter-application/stm32l1xx_spi.o
                0x0800eb36                SPI_Cmd
 .text.SPI_I2S_ReceiveData
                0x0800eb4e        0x6 build_roadhunter-application/stm32l1xx_spi.o
                0x0800eb4e                SPI_I2S_ReceiveData
 .text.SPI_I2S_SendData
                0x0800eb54        0x4 build_roadhunter-application/stm32l1xx_spi.o
                0x0800eb54                SPI_I2S_SendData
 .text.SPI_I2S_GetFlagStatus
                0x0800eb58        0xe build_roadhunter-application/stm32l1xx_spi.o
                0x0800eb58                SPI_I2S_GetFlagStatus
 *fill*         0x0800eb66        0x2 
 .text.NVIC_PriorityGroupConfig
                0x0800eb68       0x14 build_roadhunter-application/misc.o
                0x0800eb68                NVIC_PriorityGroupConfig
 .text.NVIC_Init
                0x0800eb7c       0x58 build_roadhunter-application/misc.o
                0x0800eb7c                NVIC_Init
 .text.EXTI_GetFlagStatus
                0x0800ebd4       0x14 build_roadhunter-application/stm32l1xx_exti.o
                0x0800ebd4                EXTI_GetFlagStatus
 .text.EXTI_GetITStatus
                0x0800ebe8        0x4 build_roadhunter-application/stm32l1xx_exti.o
                0x0800ebe8                EXTI_GetITStatus
 .text.EXTI_ClearITPendingBit
                0x0800ebec        0xc build_roadhunter-application/stm32l1xx_exti.o
                0x0800ebec                EXTI_ClearITPendingBit
 .text.TIM_DeInit
                0x0800ebf8       0xe4 build_roadhunter-application/stm32l1xx_tim.o
                0x0800ebf8                TIM_DeInit
 .text.TIM_TimeBaseInit
                0x0800ecdc       0x5c build_roadhunter-application/stm32l1xx_tim.o
                0x0800ecdc                TIM_TimeBaseInit
 .text.TIM_ARRPreloadConfig
                0x0800ed38       0x18 build_roadhunter-application/stm32l1xx_tim.o
                0x0800ed38                TIM_ARRPreloadConfig
 .text.TIM_Cmd  0x0800ed50       0x18 build_roadhunter-application/stm32l1xx_tim.o
                0x0800ed50                TIM_Cmd
 .text.TIM_OC3Init
                0x0800ed68       0x3c build_roadhunter-application/stm32l1xx_tim.o
                0x0800ed68                TIM_OC3Init
 .text.TIM_OC3PreloadConfig
                0x0800eda4       0x10 build_roadhunter-application/stm32l1xx_tim.o
                0x0800eda4                TIM_OC3PreloadConfig
 .text.TIM_ITConfig
                0x0800edb4       0x12 build_roadhunter-application/stm32l1xx_tim.o
                0x0800edb4                TIM_ITConfig
 .text.TIM_GetITStatus
                0x0800edc6       0x16 build_roadhunter-application/stm32l1xx_tim.o
                0x0800edc6                TIM_GetITStatus
 .text.TIM_ClearITPendingBit
                0x0800eddc        0x8 build_roadhunter-application/stm32l1xx_tim.o
                0x0800eddc                TIM_ClearITPendingBit
 .text.ADC_Init
                0x0800ede4       0x4c build_roadhunter-application/stm32l1xx_adc.o
                0x0800ede4                ADC_Init
 .text.ADC_Cmd  0x0800ee30       0x12 build_roadhunter-application/stm32l1xx_adc.o
                0x0800ee30                ADC_Cmd
 *fill*         0x0800ee42        0x2 
 .text.ADC_TempSensorVrefintCmd
                0x0800ee44       0x18 build_roadhunter-application/stm32l1xx_adc.o
                0x0800ee44                ADC_TempSensorVrefintCmd
 .text.ADC_RegularChannelConfig
                0x0800ee5c      0x106 build_roadhunter-application/stm32l1xx_adc.o
                0x0800ee5c                ADC_RegularChannelConfig
 .text.ADC_SoftwareStartConv
                0x0800ef62        0xa build_roadhunter-application/stm32l1xx_adc.o
                0x0800ef62                ADC_SoftwareStartConv
 .text.ADC_GetConversionValue
                0x0800ef6c        0x6 build_roadhunter-application/stm32l1xx_adc.o
                0x0800ef6c                ADC_GetConversionValue
 .text.ADC_GetFlagStatus
                0x0800ef72        0xc build_roadhunter-application/stm32l1xx_adc.o
                0x0800ef72                ADC_GetFlagStatus
 *fill*         0x0800ef7e        0x2 
 .text.PWR_UltraLowPowerCmd
                0x0800ef80        0xc build_roadhunter-application/stm32l1xx_pwr.o
                0x0800ef80                PWR_UltraLowPowerCmd
 .text.PWR_EnterSTOPMode
                0x0800ef8c       0x34 build_roadhunter-application/stm32l1xx_pwr.o
                0x0800ef8c                PWR_EnterSTOPMode
 .text.FLASH_Lock
                0x0800efc0       0x10 build_roadhunter-application/stm32l1xx_flash.o
                0x0800efc0                FLASH_Lock
 .text.DATA_EEPROM_Unlock
                0x0800efd0       0x20 build_roadhunter-application/stm32l1xx_flash.o
                0x0800efd0                DATA_EEPROM_Unlock
 .text.FLASH_Unlock
                0x0800eff0       0x2c build_roadhunter-application/stm32l1xx_flash.o
                0x0800eff0                FLASH_Unlock
 .text.DATA_EEPROM_Lock
                0x0800f01c       0x10 build_roadhunter-application/stm32l1xx_flash.o
                0x0800f01c                DATA_EEPROM_Lock
 .text.FLASH_OB_Unlock
                0x0800f02c       0x2c build_roadhunter-application/stm32l1xx_flash.o
                0x0800f02c                FLASH_OB_Unlock
 .text.FLASH_OB_Launch
                0x0800f058       0x10 build_roadhunter-application/stm32l1xx_flash.o
                0x0800f058                FLASH_OB_Launch
 .text.FLASH_OB_GetBOR
                0x0800f068       0x10 build_roadhunter-application/stm32l1xx_flash.o
                0x0800f068                FLASH_OB_GetBOR
 .text.FLASH_ClearFlag
                0x0800f078        0xc build_roadhunter-application/stm32l1xx_flash.o
                0x0800f078                FLASH_ClearFlag
 .text.FLASH_GetStatus
                0x0800f084       0x28 build_roadhunter-application/stm32l1xx_flash.o
                0x0800f084                FLASH_GetStatus
 .text.FLASH_WaitForLastOperation
                0x0800f0ac       0x3c build_roadhunter-application/stm32l1xx_flash.o
                0x0800f0ac                FLASH_WaitForLastOperation
 .text.FLASH_ErasePage
                0x0800f0e8       0x44 build_roadhunter-application/stm32l1xx_flash.o
                0x0800f0e8                FLASH_ErasePage
 .text.FLASH_FastProgramWord
                0x0800f12c       0x22 build_roadhunter-application/stm32l1xx_flash.o
                0x0800f12c                FLASH_FastProgramWord
 .text.DATA_EEPROM_EraseWord
                0x0800f14e       0x16 build_roadhunter-application/stm32l1xx_flash.o
                0x0800f14e                DATA_EEPROM_EraseWord
 .text.DATA_EEPROM_FastProgramWord
                0x0800f164       0x30 build_roadhunter-application/stm32l1xx_flash.o
                0x0800f164                DATA_EEPROM_FastProgramWord
 .text.DATA_EEPROM_ProgramByte
                0x0800f194       0x4a build_roadhunter-application/stm32l1xx_flash.o
                0x0800f194                DATA_EEPROM_ProgramByte
 *fill*         0x0800f1de        0x2 
 .text.FLASH_OB_BORConfig
                0x0800f1e0       0x3c build_roadhunter-application/stm32l1xx_flash.o
                0x0800f1e0                FLASH_OB_BORConfig
 .text.IWDG_WriteAccessCmd
                0x0800f21c        0xc build_roadhunter-application/stm32l1xx_iwdg.o
                0x0800f21c                IWDG_WriteAccessCmd
 .text.IWDG_SetPrescaler
                0x0800f228        0xc build_roadhunter-application/stm32l1xx_iwdg.o
                0x0800f228                IWDG_SetPrescaler
 .text.IWDG_SetReload
                0x0800f234        0xc build_roadhunter-application/stm32l1xx_iwdg.o
                0x0800f234                IWDG_SetReload
 .text.IWDG_ReloadCounter
                0x0800f240       0x10 build_roadhunter-application/stm32l1xx_iwdg.o
                0x0800f240                IWDG_ReloadCounter
 .text.IWDG_Enable
                0x0800f250       0x10 build_roadhunter-application/stm32l1xx_iwdg.o
                0x0800f250                IWDG_Enable
 .text.I2C_SendData
                0x0800f260        0x4 build_roadhunter-application/stm32l1xx_i2c.o
                0x0800f260                I2C_SendData
 .text.I2C_CheckEvent
                0x0800f264       0x18 build_roadhunter-application/stm32l1xx_i2c.o
                0x0800f264                I2C_CheckEvent
 .text.disable_interrupts
                0x0800f27c       0x10 build_roadhunter-application/platform.o
                0x0800f27c                disable_interrupts
 .text.entry_critical
                0x0800f28c       0x14 build_roadhunter-application/platform.o
                0x0800f28c                entry_critical
 .text.exit_critical
                0x0800f2a0       0x30 build_roadhunter-application/platform.o
                0x0800f2a0                exit_critical
 .text.default_handler
                0x0800f2d0       0x1c build_roadhunter-application/system.o
                0x0800f2d0                svc_handler
                0x0800f2d0                default_handler
                0x0800f2d0                dg_monitor_handler
                0x0800f2d0                pendsv_handler
 .text.nmi_handler
                0x0800f2ec       0x1c build_roadhunter-application/system.o
                0x0800f2ec                nmi_handler
 .text.hard_fault_handler
                0x0800f308       0x1c build_roadhunter-application/system.o
                0x0800f308                hard_fault_handler
 .text.mem_manage_handler
                0x0800f324       0x1c build_roadhunter-application/system.o
                0x0800f324                mem_manage_handler
 .text.bus_fault_handler
                0x0800f340       0x1c build_roadhunter-application/system.o
                0x0800f340                bus_fault_handler
 .text.usage_fault_handler
                0x0800f35c       0x1c build_roadhunter-application/system.o
                0x0800f35c                usage_fault_handler
 .text.systick_handler
                0x0800f378       0x40 build_roadhunter-application/system.o
                0x0800f378                systick_handler
 .text.uart1_irq
                0x0800f3b8       0x64 build_roadhunter-application/system.o
                0x0800f3b8                uart1_irq
 .text.exti_line1_irq
                0x0800f41c       0x1c build_roadhunter-application/system.o
                0x0800f41c                exti_line1_irq
 .text.timer7_irq
                0x0800f438       0x24 build_roadhunter-application/system.o
                0x0800f438                timer7_irq
 .text.sys_ctrl_delay
                0x0800f45c        0xc build_roadhunter-application/system.o
                0x0800f45c                sys_ctrl_delay
 .text.sys_ctrl_millis
                0x0800f468       0x1c build_roadhunter-application/system.o
                0x0800f468                sys_ctrl_millis
 .text._init    0x0800f484        0x2 build_roadhunter-application/system.o
                0x0800f484                _init
 .text._fini    0x0800f486        0x2 build_roadhunter-application/system.o
                0x0800f486                _fini
 .text.sys_stack_count_init
                0x0800f488       0x3c build_roadhunter-application/system.o
                0x0800f488                sys_stack_count_init
 .text.reset_handler
                0x0800f4c4       0xc8 build_roadhunter-application/system.o
                0x0800f4c4                reset_handler
 .text.sys_stack_usage
                0x0800f58c       0x20 build_roadhunter-application/system.o
                0x0800f58c                sys_stack_usage
 .text.sys_stack_get_size
                0x0800f5ac        0xc build_roadhunter-application/system.o
                0x0800f5ac                sys_stack_get_size
 .text.sys_ctrl_shell_put_char_block
                0x0800f5b8       0x2c build_roadhunter-application/sys_cfg.o
                0x0800f5b8                sys_ctrl_shell_put_char_block
 .text.sys_cfg_clock
                0x0800f5e4       0x22 build_roadhunter-application/sys_cfg.o
                0x0800f5e4                sys_cfg_clock
 *fill*         0x0800f606        0x2 
 .text.sys_cfg_tick
                0x0800f608       0x44 build_roadhunter-application/sys_cfg.o
                0x0800f608                sys_cfg_tick
 .text.sys_cfg_svc
                0x0800f64c       0x20 build_roadhunter-application/sys_cfg.o
                0x0800f64c                sys_cfg_svc
 .text.sys_cfg_pendsv
                0x0800f66c       0x24 build_roadhunter-application/sys_cfg.o
                0x0800f66c                sys_cfg_pendsv
 .text.sys_cfg_update_info
                0x0800f690      0x104 build_roadhunter-application/sys_cfg.o
                0x0800f690                sys_cfg_update_info
 .text.sys_ctrl_shell_sw_to_block
                0x0800f794       0x38 build_roadhunter-application/sys_cfg.o
                0x0800f794                sys_ctrl_shell_sw_to_block
 .text.sys_cfg_console
                0x0800f7cc       0xc8 build_roadhunter-application/sys_cfg.o
                0x0800f7cc                sys_cfg_console
 .text.sys_ctrl_shell_get_char
                0x0800f894       0x34 build_roadhunter-application/sys_cfg.o
                0x0800f894                sys_ctrl_shell_get_char
 .text.sys_ctrl_reset
                0x0800f8c8       0x20 build_roadhunter-application/sys_cfg.o
                0x0800f8c8                sys_ctrl_reset
 .text.sys_ctrl_delay_us
                0x0800f8e8       0x58 build_roadhunter-application/sys_cfg.o
                0x0800f8e8                sys_ctrl_delay_us
 .text.sys_ctrl_delay_ms
                0x0800f940       0x1e build_roadhunter-application/sys_cfg.o
                0x0800f940                sys_ctrl_delay_ms
 *fill*         0x0800f95e        0x2 
 .text.sys_ctr_stop_mcu
                0x0800f960       0xa8 build_roadhunter-application/sys_cfg.o
                0x0800f960                sys_ctr_stop_mcu
 .text.sys_ctrl_independent_watchdog_init
                0x0800fa08       0x24 build_roadhunter-application/sys_cfg.o
                0x0800fa08                sys_ctrl_independent_watchdog_init
 .text.sys_ctrl_independent_watchdog_reset
                0x0800fa2c       0x12 build_roadhunter-application/sys_cfg.o
                0x0800fa2c                sys_ctrl_independent_watchdog_reset
 *fill*         0x0800fa3e        0x2 
 .text.sys_ctrl_soft_watchdog_init
                0x0800fa40       0x58 build_roadhunter-application/sys_cfg.o
                0x0800fa40                sys_ctrl_soft_watchdog_init
 .text.sys_ctrl_soft_watchdog_reset
                0x0800fa98       0x18 build_roadhunter-application/sys_cfg.o
                0x0800fa98                sys_ctrl_soft_watchdog_reset
 .text.sys_ctrl_soft_watchdog_increase_counter
                0x0800fab0       0x40 build_roadhunter-application/sys_cfg.o
                0x0800fab0                sys_ctrl_soft_watchdog_increase_counter
 .text.sys_ctrl_get_firmware_info
                0x0800faf0       0x40 build_roadhunter-application/sys_cfg.o
                0x0800faf0                sys_ctrl_get_firmware_info
 .text.task_irq_io_entry_trigger
                0x0800fb30        0x2 build_roadhunter-application/sys_cfg.o
                0x0800fb30                task_irq_io_entry_trigger
 .text.task_irq_io_exit_trigger
                0x0800fb32        0x2 build_roadhunter-application/sys_cfg.o
                0x0800fb32                task_irq_io_exit_trigger
 .text.io_button_mode_init
                0x0800fb34       0x28 build_roadhunter-application/io_cfg.o
                0x0800fb34                io_button_mode_init
 .text.io_button_up_init
                0x0800fb5c       0x28 build_roadhunter-application/io_cfg.o
                0x0800fb5c                io_button_up_init
 .text.io_button_down_init
                0x0800fb84       0x28 build_roadhunter-application/io_cfg.o
                0x0800fb84                io_button_down_init
 .text.io_button_mode_read
                0x0800fbac        0xc build_roadhunter-application/io_cfg.o
                0x0800fbac                io_button_mode_read
 .text.io_button_up_read
                0x0800fbb8       0x10 build_roadhunter-application/io_cfg.o
                0x0800fbb8                io_button_up_read
 .text.io_button_down_read
                0x0800fbc8        0xc build_roadhunter-application/io_cfg.o
                0x0800fbc8                io_button_down_read
 .text.led_life_init
                0x0800fbd4       0x28 build_roadhunter-application/io_cfg.o
                0x0800fbd4                led_life_init
 .text.led_life_on
                0x0800fbfc       0x10 build_roadhunter-application/io_cfg.o
                0x0800fbfc                led_life_on
 .text.led_life_off
                0x0800fc0c       0x10 build_roadhunter-application/io_cfg.o
                0x0800fc0c                led_life_off
 .text.flash_io_ctrl_init
                0x0800fc1c       0x28 build_roadhunter-application/io_cfg.o
                0x0800fc1c                flash_io_ctrl_init
 .text.flash_cs_low
                0x0800fc44       0x10 build_roadhunter-application/io_cfg.o
                0x0800fc44                flash_cs_low
 .text.flash_cs_high
                0x0800fc54       0x10 build_roadhunter-application/io_cfg.o
                0x0800fc54                flash_cs_high
 .text.flash_transfer
                0x0800fc64       0x88 build_roadhunter-application/io_cfg.o
                0x0800fc64                flash_transfer
 .text.io_cfg_adc1
                0x0800fcec       0x48 build_roadhunter-application/io_cfg.o
                0x0800fcec                io_cfg_adc1
 .text.adc_bat_io_cfg
                0x0800fd34       0x2c build_roadhunter-application/io_cfg.o
                0x0800fd34                adc_bat_io_cfg
 .text.sys_ctr_get_vbat_voltage
                0x0800fd60       0x88 build_roadhunter-application/io_cfg.o
                0x0800fd60                sys_ctr_get_vbat_voltage
 .text.sys_ctr_get_mcu_temperature
                0x0800fde8       0x68 build_roadhunter-application/io_cfg.o
                0x0800fde8                sys_ctr_get_mcu_temperature
 .text.oled_clk_input_mode
                0x0800fe50       0x28 build_roadhunter-application/io_cfg.o
                0x0800fe50                oled_clk_input_mode
 .text.oled_clk_output_mode
                0x0800fe78       0x28 build_roadhunter-application/io_cfg.o
                0x0800fe78                oled_clk_output_mode
 .text.oled_clk_digital_write_low
                0x0800fea0       0x10 build_roadhunter-application/io_cfg.o
                0x0800fea0                oled_clk_digital_write_low
 .text.oled_clk_digital_write_high
                0x0800feb0       0x10 build_roadhunter-application/io_cfg.o
                0x0800feb0                oled_clk_digital_write_high
 .text.oled_data_input_mode
                0x0800fec0       0x28 build_roadhunter-application/io_cfg.o
                0x0800fec0                oled_data_input_mode
 .text.oled_data_output_mode
                0x0800fee8       0x28 build_roadhunter-application/io_cfg.o
                0x0800fee8                oled_data_output_mode
 .text.oled_data_digital_write_low
                0x0800ff10       0x10 build_roadhunter-application/io_cfg.o
                0x0800ff10                oled_data_digital_write_low
 .text.oled_data_digital_write_high
                0x0800ff20       0x10 build_roadhunter-application/io_cfg.o
                0x0800ff20                oled_data_digital_write_high
 .text.oled_res_input_mode
                0x0800ff30       0x28 build_roadhunter-application/io_cfg.o
                0x0800ff30                oled_res_input_mode
 .text.oled_res_output_mode
                0x0800ff58       0x28 build_roadhunter-application/io_cfg.o
                0x0800ff58                oled_res_output_mode
 .text.oled_res_digital_write_low
                0x0800ff80       0x10 build_roadhunter-application/io_cfg.o
                0x0800ff80                oled_res_digital_write_low
 .text.oled_res_digital_write_high
                0x0800ff90       0x10 build_roadhunter-application/io_cfg.o
                0x0800ff90                oled_res_digital_write_high
 .text.io_eeprom_read
                0x0800ffa0       0x34 build_roadhunter-application/io_cfg.o
                0x0800ffa0                io_eeprom_read
 .text.io_eeprom_erase
                0x0800ffd4       0x4c build_roadhunter-application/io_cfg.o
                0x0800ffd4                io_eeprom_erase
 .text.internal_flash_unlock
                0x08010020       0x12 build_roadhunter-application/io_cfg.o
                0x08010020                internal_flash_unlock
 .text.internal_flash_lock
                0x08010032        0x4 build_roadhunter-application/io_cfg.o
                0x08010032                internal_flash_lock
 .text.internal_flash_erase_pages_cal
                0x08010036       0x24 build_roadhunter-application/io_cfg.o
                0x08010036                internal_flash_erase_pages_cal
 .text.internal_flash_write_cal
                0x0801005a       0x48 build_roadhunter-application/io_cfg.o
                0x0801005a                internal_flash_write_cal
 *fill*         0x080100a2        0x2 
 .text.io_uart2_cfg
                0x080100a4       0xac build_roadhunter-application/io_cfg.o
                0x080100a4                io_uart2_cfg
 .text.io_uart_rs485_cfg
                0x08010150       0x68 build_roadhunter-application/io_cfg.o
                0x08010150                io_uart_rs485_cfg
 .text.io_rs485_dir_mode_output
                0x080101b8       0x30 build_roadhunter-application/io_cfg.o
                0x080101b8                io_rs485_dir_mode_output
 .text.io_rs485_dir_low
                0x080101e8        0xc build_roadhunter-application/io_cfg.o
                0x080101e8                io_rs485_dir_low
 .text.io_rs485_dir_high
                0x080101f4        0xc build_roadhunter-application/io_cfg.o
                0x080101f4                io_rs485_dir_high
 .text.SystemInit
                0x08010200      0x114 build_roadhunter-application/system_stm32l1xx.o
                0x08010200                SystemInit
 .text.SystemCoreClockUpdate
                0x08010314       0x7c build_roadhunter-application/system_stm32l1xx.o
                0x08010314                SystemCoreClockUpdate
 .text._ZL13view_scr_idlev
                0x08010390       0x34 build_roadhunter-application/scr_idle.o
 .text._Z15scr_idle_handleP8ak_msg_t
                0x080103c4      0x28c build_roadhunter-application/scr_idle.o
                0x080103c4                scr_idle_handle(ak_msg_t*)
 .text.startup._GLOBAL__sub_I_dyn_view_idle
                0x08010650       0x10 build_roadhunter-application/scr_idle.o
 .text.exit._GLOBAL__sub_D_dyn_view_idle
                0x08010660       0x10 build_roadhunter-application/scr_idle.o
 .text._ZL16view_scr_startupv
                0x08010670       0x88 build_roadhunter-application/scr_startup.o
 .text._Z18scr_startup_handleP8ak_msg_t
                0x080106f8       0x94 build_roadhunter-application/scr_startup.o
                0x080106f8                scr_startup_handle(ak_msg_t*)
 .text._Z19scr_rh_title_handleP8ak_msg_t
                0x0801078c       0xc4 build_roadhunter-application/scr_rh_title.o
                0x0801078c                scr_rh_title_handle(ak_msg_t*)
 .text._ZL23rh_title_cannon_displayii
                0x08010850       0x50 build_roadhunter-application/scr_rh_title.o
 .text._ZL25rh_title_thruster_displayii
                0x080108a0       0xf8 build_roadhunter-application/scr_rh_title.o
 .text._ZL15rh_title_rippleiii.constprop.0
                0x08010998       0x90 build_roadhunter-application/scr_rh_title.o
 .text._ZL17view_scr_rh_titlev
                0x08010a28      0x228 build_roadhunter-application/scr_rh_title.o
 .text._Z22scr_road_hunter_handleP8ak_msg_t
                0x08010c50      0x128 build_roadhunter-application/scr_road_hunter.o
                0x08010c50                scr_road_hunter_handle(ak_msg_t*)
 .text._ZL14rh_draw_rippleiii
                0x08010d78       0xb0 build_roadhunter-application/scr_road_hunter.o
 .text._ZL27rh_game_boss_hp_bar_displaysss
                0x08010e28       0x5c build_roadhunter-application/scr_road_hunter.o
 .text._ZL20view_scr_road_hunterv
                0x08010e84     0x15b0 build_roadhunter-application/scr_road_hunter.o
 .text._Z18scr_rh_menu_handleP8ak_msg_t
                0x08012434       0xd4 build_roadhunter-application/scr_rh_menu.o
                0x08012434                scr_rh_menu_handle(ak_msg_t*)
 .text._ZL30rh_menu_vehicle_cannon_displayss.constprop.0
                0x08012508       0x44 build_roadhunter-application/scr_rh_menu.o
 .text._ZL22rh_menu_ripple_displayiii
                0x0801254c       0xb0 build_roadhunter-application/scr_rh_menu.o
 .text._ZL32rh_menu_vehicle_thruster_displayss.constprop.0
                0x080125fc       0xbc build_roadhunter-application/scr_rh_menu.o
 .text._ZL26rh_menu_item_label_displayhs
                0x080126b8       0x70 build_roadhunter-application/scr_rh_menu.o
 .text._ZL16view_scr_rh_menuv
                0x08012728      0x1e8 build_roadhunter-application/scr_rh_menu.o
 .text._ZL18view_scr_rh_recordv
                0x08012910       0x8c build_roadhunter-application/scr_rh_record.o
 .text._Z20scr_rh_record_handleP8ak_msg_t
                0x0801299c       0x18 build_roadhunter-application/scr_rh_record.o
                0x0801299c                scr_rh_record_handle(ak_msg_t*)
 .text._ZL20view_scr_rh_settingsv
                0x080129b4       0x9c build_roadhunter-application/scr_rh_settings.o
 .text._Z22scr_rh_settings_handleP8ak_msg_t
                0x08012a50       0x3c build_roadhunter-application/scr_rh_settings.o
                0x08012a50                scr_rh_settings_handle(ak_msg_t*)
 .text._Z23scr_rh_game_over_handleP8ak_msg_t
                0x08012a8c       0x8c build_roadhunter-application/scr_rh_game_over.o
                0x08012a8c                scr_rh_game_over_handle(ak_msg_t*)
 .text._ZL21view_scr_rh_game_overv
                0x08012b18      0x194 build_roadhunter-application/scr_rh_game_over.o
 .text._Z20rh_game_trigger_overv
                0x08012cac       0x3c build_roadhunter-application/rh_game_core.o
                0x08012cac                rh_game_trigger_over()
 .text._Z15rh_toggle_soundv
                0x08012ce8       0x10 build_roadhunter-application/rh_game_core.o
                0x08012ce8                rh_toggle_sound()
 .text._Z19rh_game_reset_roundv
                0x08012cf8       0x6c build_roadhunter-application/rh_game_core.o
                0x08012cf8                rh_game_reset_round()
 .text._Z22rh_game_get_power_nameh
                0x08012d64        0x4 build_roadhunter-application/rh_game_core.o
                0x08012d64                rh_game_get_power_name(unsigned char)
 .text._Z24rh_game_can_move_to_laneh
                0x08012d68        0x4 build_roadhunter-application/rh_game_core.o
                0x08012d68                rh_game_can_move_to_lane(unsigned char)
 .text._Z28rh_game_clear_stage_entitiesv
                0x08012d6c       0x90 build_roadhunter-application/rh_game_core.o
                0x08012d6c                rh_game_clear_stage_entities()
 .text._Z26rh_game_add_empower_chargeh
                0x08012dfc       0x48 build_roadhunter-application/rh_game_core.o
                0x08012dfc                rh_game_add_empower_charge(unsigned char)
 .text._Z24rh_game_on_target_killedb
                0x08012e44        0xa build_roadhunter-application/rh_game_core.o
                0x08012e44                rh_game_on_target_killed(bool)
 *fill*         0x08012e4e        0x2 
 .text._Z14rh_game_updatev
                0x08012e50      0x124 build_roadhunter-application/rh_game_core.o
                0x08012e50                rh_game_update()
 .text._Z20rh_game_player_resetv
                0x08012f74        0xc build_roadhunter-application/rh_game_player.o
                0x08012f74                rh_game_player_reset()
 .text._Z22rh_game_player_move_upv
                0x08012f80       0x1c build_roadhunter-application/rh_game_player.o
                0x08012f80                rh_game_player_move_up()
 .text._Z24rh_game_player_move_downv
                0x08012f9c       0x20 build_roadhunter-application/rh_game_player.o
                0x08012f9c                rh_game_player_move_down()
 .text._Z19rh_game_enemy_resetv
                0x08012fbc       0x2c build_roadhunter-application/rh_game_enemy.o
                0x08012fbc                rh_game_enemy_reset()
 .text._Z19rh_game_enemy_spawnv
                0x08012fe8       0x44 build_roadhunter-application/rh_game_enemy.o
                0x08012fe8                rh_game_enemy_spawn()
 .text._Z24rh_game_enemy_spawn_tankv
                0x0801302c       0x60 build_roadhunter-application/rh_game_enemy.o
                0x0801302c                rh_game_enemy_spawn_tank()
 .text._Z20rh_game_enemy_updatei
                0x0801308c      0x16c build_roadhunter-application/rh_game_enemy.o
                0x0801308c                rh_game_enemy_update(int)
 .text._Z22rh_game_obstacle_resetv
                0x080131f8       0x20 build_roadhunter-application/rh_game_obstacle.o
                0x080131f8                rh_game_obstacle_reset()
 .text._Z22rh_game_obstacle_spawnv
                0x08013218       0xe0 build_roadhunter-application/rh_game_obstacle.o
                0x08013218                rh_game_obstacle_spawn()
 .text._Z23rh_game_obstacle_updatei
                0x080132f8      0x114 build_roadhunter-application/rh_game_obstacle.o
                0x080132f8                rh_game_obstacle_update(int)
 .text._Z32rh_game_bullet_reset_shoot_timerv
                0x0801340c        0xc build_roadhunter-application/rh_game_bullet.o
                0x0801340c                rh_game_bullet_reset_shoot_timer()
 .text._Z20rh_game_bullet_resetv
                0x08013418       0x50 build_roadhunter-application/rh_game_bullet.o
                0x08013418                rh_game_bullet_reset()
 .text._Z23rh_game_explosion_spawnsh
                0x08013468       0x30 build_roadhunter-application/rh_game_bullet.o
                0x08013468                rh_game_explosion_spawn(short, unsigned char)
 .text._Z24rh_game_explosion_updatev
                0x08013498       0x2c build_roadhunter-application/rh_game_bullet.o
                0x08013498                rh_game_explosion_update()
 .text._Z20rh_game_laser_updatev
                0x080134c4      0x11c build_roadhunter-application/rh_game_bullet.o
                0x080134c4                rh_game_laser_update()
 .text._Z22rh_game_bullet_explodei
                0x080135e0       0xe8 build_roadhunter-application/rh_game_bullet.o
                0x080135e0                rh_game_bullet_explode(int)
 .text._Z19rh_game_bullet_firev
                0x080136c8       0x60 build_roadhunter-application/rh_game_bullet.o
                0x080136c8                rh_game_bullet_fire()
 .text._Z32rh_game_bullet_handle_mode_inputv
                0x08013728       0x40 build_roadhunter-application/rh_game_bullet.o
                0x08013728                rh_game_bullet_handle_mode_input()
 .text._Z24rh_game_bullet_autoshootv
                0x08013768        0x4 build_roadhunter-application/rh_game_bullet.o
                0x08013768                rh_game_bullet_autoshoot()
 .text._Z21rh_game_bullet_updatev
                0x0801376c      0x370 build_roadhunter-application/rh_game_bullet.o
                0x0801376c                rh_game_bullet_update()
 .text._Z25rh_game_explosion_displayv
                0x08013adc       0xac build_roadhunter-application/rh_game_bullet.o
                0x08013adc                rh_game_explosion_display()
 .text._Z21rh_game_laser_displayv
                0x08013b88      0x100 build_roadhunter-application/rh_game_bullet.o
                0x08013b88                rh_game_laser_display()
 .text._Z19rh_game_chest_resetv
                0x08013c88       0x28 build_roadhunter-application/rh_game_chest.o
                0x08013c88                rh_game_chest_reset()
 .text._Z19rh_game_chest_spawnv
                0x08013cb0       0x34 build_roadhunter-application/rh_game_chest.o
                0x08013cb0                rh_game_chest_spawn()
 .text._Z22rh_game_consume_shieldv
                0x08013ce4       0x28 build_roadhunter-application/rh_game_chest.o
                0x08013ce4                rh_game_consume_shield()
 .text._Z28rh_game_chest_get_power_nameh
                0x08013d0c       0x1c build_roadhunter-application/rh_game_chest.o
                0x08013d0c                rh_game_chest_get_power_name(unsigned char)
 .text._Z20rh_game_chest_updatei
                0x08013d28      0x108 build_roadhunter-application/rh_game_chest.o
                0x08013d28                rh_game_chest_update(int)
 .text._ZL25rh_boss_projectiles_clearv
                0x08013e30       0x1c build_roadhunter-application/rh_game_boss.o
 .text._ZL26rh_boss_projectiles_updatev
                0x08013e4c       0x8c build_roadhunter-application/rh_game_boss.o
 .text._ZL19rh_boss_take_damagei.constprop.0
                0x08013ed8       0x74 build_roadhunter-application/rh_game_boss.o
 .text._Z18rh_game_boss_resetv
                0x08013f4c       0x4c build_roadhunter-application/rh_game_boss.o
                0x08013f4c                rh_game_boss_reset()
 .text._Z19rh_game_boss_activev
                0x08013f98       0x10 build_roadhunter-application/rh_game_boss.o
                0x08013f98                rh_game_boss_active()
 .text._Z23rh_game_boss_start_nextv
                0x08013fa8       0xc8 build_roadhunter-application/rh_game_boss.o
                0x08013fa8                rh_game_boss_start_next()
 .text._Z19rh_game_boss_updatei
                0x08014070      0x378 build_roadhunter-application/rh_game_boss.o
                0x08014070                rh_game_boss_update(int)
 .text._Z30rh_game_boss_check_bullet_hitsv
                0x080143e8      0x108 build_roadhunter-application/rh_game_boss.o
                0x080143e8                rh_game_boss_check_bullet_hits()
 .text._Z11task_systemP8ak_msg_t
                0x080144f0       0x44 build_roadhunter-application/task_system.o
                0x080144f0                task_system(ak_msg_t*)
 .text.main_app
                0x08014534      0x290 build_roadhunter-application/app.o
                0x08014534                main_app
 .text._Z19task_polling_zigbeev
                0x080147c4        0x2 build_roadhunter-application/app.o
                0x080147c4                task_polling_zigbee()
 *fill*         0x080147c6        0x2 
 .text._Z20task_polling_consolev
                0x080147c8       0xd4 build_roadhunter-application/app.o
                0x080147c8                task_polling_console()
 .text.sys_irq_timer_10ms
                0x0801489c       0x24 build_roadhunter-application/app.o
                0x0801489c                sys_irq_timer_10ms
 .text._Z17btn_mode_callbackPv
                0x080148c0       0x40 build_roadhunter-application/app_bsp.o
                0x080148c0                btn_mode_callback(void*)
 .text._Z15btn_up_callbackPv
                0x08014900       0x40 build_roadhunter-application/app_bsp.o
                0x08014900                btn_up_callback(void*)
 .text._Z17btn_down_callbackPv
                0x08014940       0x40 build_roadhunter-application/app_bsp.o
                0x08014940                btn_down_callback(void*)
 .text._Z22updateDataModbusDeviceP21ModbusDeviceStructure
                0x08014980       0xc4 build_roadhunter-application/app_modbus_pull.o
                0x08014980                updateDataModbusDevice(ModbusDeviceStructure*)
 .text._ZL19str_parser_get_attrh
                0x08014a44       0x1c build_roadhunter-application/shell.o
 .text._Z9shell_sttPh
                0x08014a60        0x4 build_roadhunter-application/shell.o
                0x08014a60                shell_stt(unsigned char*)
 .text._Z9shell_psvPh
                0x08014a64       0x14 build_roadhunter-application/shell.o
                0x08014a64                shell_psv(unsigned char*)
 .text._Z11shell_resetPh
                0x08014a78       0x10 build_roadhunter-application/shell.o
                0x08014a78                shell_reset(unsigned char*)
 .text._Z10shell_helpPh
                0x08014a88       0x2c build_roadhunter-application/shell.o
                0x08014a88                shell_help(unsigned char*)
 .text._Z9shell_verPh
                0x08014ab4      0x118 build_roadhunter-application/shell.o
                0x08014ab4                shell_ver(unsigned char*)
 .text._Z12shell_rebootPh
                0x08014bcc       0x10 build_roadhunter-application/shell.o
                0x08014bcc                shell_reboot(unsigned char*)
 .text._ZL10str_parserPc
                0x08014bdc       0x60 build_roadhunter-application/shell.o
 .text._Z11shell_fatalPh
                0x08014c3c      0x2e4 build_roadhunter-application/shell.o
                0x08014c3c                shell_fatal(unsigned char*)
 .text._Z11shell_flashPh
                0x08014f20      0x148 build_roadhunter-application/shell.o
                0x08014f20                shell_flash(unsigned char*)
 .text._Z9shell_epsPh
                0x08015068       0xc8 build_roadhunter-application/shell.o
                0x08015068                shell_eps(unsigned char*)
 .text._Z9shell_ramPh
                0x08015130      0x1fc build_roadhunter-application/shell.o
                0x08015130                shell_ram(unsigned char*)
 .text._Z10shell_bootPh
                0x0801532c       0xdc build_roadhunter-application/shell.o
                0x0801532c                shell_boot(unsigned char*)
 .text._Z9shell_fwuPh
                0x08015408       0x34 build_roadhunter-application/shell.o
                0x08015408                shell_fwu(unsigned char*)
 .text._Z12shell_buzzerPh
                0x0801543c       0x78 build_roadhunter-application/shell.o
                0x0801543c                shell_buzzer(unsigned char*)
 .text._Z9shell_dbgPh
                0x080154b4       0x3c build_roadhunter-application/shell.o
                0x080154b4                shell_dbg(unsigned char*)
 .text._Z12shell_modbusPh
                0x080154f0       0xd0 build_roadhunter-application/shell.o
                0x080154f0                shell_modbus(unsigned char*)
 .text._Z9shell_epiPh
                0x080155c0        0x4 build_roadhunter-application/shell.o
                0x080155c0                shell_epi(unsigned char*)
 .text._Z9shell_lcdPh
                0x080155c4      0x1cc build_roadhunter-application/shell.o
                0x080155c4                shell_lcd(unsigned char*)
 .text.sys_irq_shell
                0x08015790       0x2c build_roadhunter-application/task_shell.o
                0x08015790                sys_irq_shell
 .text._Z10task_shellP8ak_msg_t
                0x080157bc       0x7c build_roadhunter-application/task_shell.o
                0x080157bc                task_shell(ak_msg_t*)
 .text._Z9task_lifeP8ak_msg_t
                0x08015838       0x20 build_roadhunter-application/task_life.o
                0x08015838                task_life(ak_msg_t*)
 .text._Z7task_fwP8ak_msg_t
                0x08015858      0x490 build_roadhunter-application/task_fw.o
                0x08015858                task_fw(ak_msg_t*)
 .text._Z12task_displayP8ak_msg_t
                0x08015ce8        0x4 build_roadhunter-application/task_display.o
                0x08015ce8                task_display(ak_msg_t*)
 .text._Z7task_ifP8ak_msg_t
                0x08015cec       0xe4 build_roadhunter-application/task_if.o
                0x08015cec                task_if(ak_msg_t*)
 .text._Z12task_rf24_ifP8ak_msg_t
                0x08015dd0        0x2 build_roadhunter-application/task_rf24_if.o
                0x08015dd0                task_rf24_if(ak_msg_t*)
 *fill*         0x08015dd2        0x2 
 .text._Z12task_uart_ifP8ak_msg_t
                0x08015dd4       0xc4 build_roadhunter-application/task_uart_if.o
                0x08015dd4                task_uart_if(ak_msg_t*)
 .text._Z8task_dbgP8ak_msg_t
                0x08015e98        0x2 build_roadhunter-application/task_dbg.o
                0x08015e98                task_dbg(ak_msg_t*)
 .text._ZL19view_render_dynamicPv
                0x08015e9a        0xa build_roadhunter-application/view_render.o
 .text._Z22view_render_display_onv
                0x08015ea4        0xc build_roadhunter-application/view_render.o
                0x08015ea4                view_render_display_on()
 .text.startup._GLOBAL__sub_I_view_render
                0x08015eb0        0xc build_roadhunter-application/view_render.o
 .text.exit._GLOBAL__sub_D_view_render
                0x08015ebc        0xc build_roadhunter-application/view_render.o
 .text._Z18view_render_screenP13view_screen_t
                0x08015ec8       0x68 build_roadhunter-application/view_render.o
                0x08015ec8                view_render_screen(view_screen_t*)
 .text._ZL21view_render_rectanglePv
                0x08015f30       0xe8 build_roadhunter-application/view_render.o
 .text._ZL21scr_mng_render_screenv
                0x08016018       0x44 build_roadhunter-application/screen_manager.o
 .text._Z12scr_mng_ctorP9scr_mng_tPFvP8ak_msg_tEP13view_screen_t
                0x0801605c       0x54 build_roadhunter-application/screen_manager.o
                0x0801605c                scr_mng_ctor(scr_mng_t*, void (*)(ak_msg_t*), view_screen_t*)
 .text._Z12screen_clearv
                0x080160b0        0xc build_roadhunter-application/screen_manager.o
                0x080160b0                screen_clear()
 .text._Z12scr_mng_tranPFvP8ak_msg_tEP13view_screen_t
                0x080160bc       0x8c build_roadhunter-application/screen_manager.o
                0x080160bc                scr_mng_tran(void (*)(ak_msg_t*), view_screen_t*)
 .text._Z16scr_mng_dispatchP8ak_msg_t
                0x08016148       0x60 build_roadhunter-application/screen_manager.o
                0x08016148                scr_mng_dispatch(ak_msg_t*)
 .text._Z21scr_mng_back_no_entryv
                0x080161a8       0x84 build_roadhunter-application/screen_manager.o
                0x080161a8                scr_mng_back_no_entry()
 .text._ZN12Adafruit_GFX8drawLineEsssst
                0x0801622c       0xca build_roadhunter-application/Adafruit_GFX.o
                0x0801622c                Adafruit_GFX::drawLine(short, short, short, short, unsigned short)
 .text._ZN12Adafruit_GFX8drawRectEsssst
                0x080162f6       0x68 build_roadhunter-application/Adafruit_GFX.o
                0x080162f6                Adafruit_GFX::drawRect(short, short, short, short, unsigned short)
 .text._ZN12Adafruit_GFX13drawFastVLineEssst
                0x0801635e       0x1c build_roadhunter-application/Adafruit_GFX.o
                0x0801635e                Adafruit_GFX::drawFastVLine(short, short, short, unsigned short)
 .text._ZN12Adafruit_GFX13drawFastHLineEssst
                0x0801637a       0x1a build_roadhunter-application/Adafruit_GFX.o
                0x0801637a                Adafruit_GFX::drawFastHLine(short, short, short, unsigned short)
 .text._ZN12Adafruit_GFX8fillRectEsssst
                0x08016394       0x38 build_roadhunter-application/Adafruit_GFX.o
                0x08016394                Adafruit_GFX::fillRect(short, short, short, short, unsigned short)
 .text._ZN12Adafruit_GFX10fillScreenEt
                0x080163cc       0x1c build_roadhunter-application/Adafruit_GFX.o
                0x080163cc                Adafruit_GFX::fillScreen(unsigned short)
 .text._ZN12Adafruit_GFXC2Ess
                0x080163e8       0x28 build_roadhunter-application/Adafruit_GFX.o
                0x080163e8                Adafruit_GFX::Adafruit_GFX(short, short)
                0x080163e8                Adafruit_GFX::Adafruit_GFX(short, short)
 .text._ZN12Adafruit_GFX10drawCircleEssst
                0x08016410      0x176 build_roadhunter-application/Adafruit_GFX.o
                0x08016410                Adafruit_GFX::drawCircle(short, short, short, unsigned short)
 .text._ZN12Adafruit_GFX16fillCircleHelperEssshst
                0x08016586      0x124 build_roadhunter-application/Adafruit_GFX.o
                0x08016586                Adafruit_GFX::fillCircleHelper(short, short, short, unsigned char, short, unsigned short)
 .text._ZN12Adafruit_GFX10fillCircleEssst
                0x080166aa       0x4a build_roadhunter-application/Adafruit_GFX.o
                0x080166aa                Adafruit_GFX::fillCircle(short, short, short, unsigned short)
 .text._ZN12Adafruit_GFX12drawTriangleEsssssst
                0x080166f4       0x54 build_roadhunter-application/Adafruit_GFX.o
                0x080166f4                Adafruit_GFX::drawTriangle(short, short, short, short, short, short, unsigned short)
 .text._ZN12Adafruit_GFX12fillTriangleEsssssst
                0x08016748      0x1ca build_roadhunter-application/Adafruit_GFX.o
                0x08016748                Adafruit_GFX::fillTriangle(short, short, short, short, short, short, unsigned short)
 .text._ZN12Adafruit_GFX10drawBitmapEssPKhsst
                0x08016912       0x82 build_roadhunter-application/Adafruit_GFX.o
                0x08016912                Adafruit_GFX::drawBitmap(short, short, unsigned char const*, short, short, unsigned short)
 .text._ZN12Adafruit_GFX8drawCharEsshtth
                0x08016994      0x110 build_roadhunter-application/Adafruit_GFX.o
                0x08016994                Adafruit_GFX::drawChar(short, short, unsigned char, unsigned short, unsigned short, unsigned char)
 .text._ZN12Adafruit_GFX5writeEh
                0x08016aa4       0x60 build_roadhunter-application/Adafruit_GFX.o
                0x08016aa4                Adafruit_GFX::write(unsigned char)
 .text._ZN12Adafruit_GFX9setCursorEss
                0x08016b04        0x6 build_roadhunter-application/Adafruit_GFX.o
                0x08016b04                Adafruit_GFX::setCursor(short, short)
 .text._ZN12Adafruit_GFX11setTextSizeEh
                0x08016b0a        0xa build_roadhunter-application/Adafruit_GFX.o
                0x08016b0a                Adafruit_GFX::setTextSize(unsigned char)
 .text._ZN12Adafruit_GFX12setTextColorEt
                0x08016b14        0x6 build_roadhunter-application/Adafruit_GFX.o
                0x08016b14                Adafruit_GFX::setTextColor(unsigned short)
 .text._ZN12Adafruit_GFX5widthEv
                0x08016b1a        0x6 build_roadhunter-application/Adafruit_GFX.o
                0x08016b1a                Adafruit_GFX::width()
 .text._ZN12Adafruit_GFX6heightEv
                0x08016b20        0x6 build_roadhunter-application/Adafruit_GFX.o
                0x08016b20                Adafruit_GFX::height()
 .text._ZN17Adafruit_oled_drv9updateRowEii
                0x08016b26       0x1e build_roadhunter-application/Adafruit_oled_drv.o
                0x08016b26                Adafruit_oled_drv::updateRow(int, int)
 .text._ZN17Adafruit_oled_drv9drawPixelEsst
                0x08016b44       0x52 build_roadhunter-application/Adafruit_oled_drv.o
                0x08016b44                Adafruit_oled_drv::drawPixel(short, short, unsigned short)
 *fill*         0x08016b96        0x2 
 .text._ZN17Adafruit_oled_drvC2Ev
                0x08016b98       0x28 build_roadhunter-application/Adafruit_oled_drv.o
                0x08016b98                Adafruit_oled_drv::Adafruit_oled_drv()
                0x08016b98                Adafruit_oled_drv::Adafruit_oled_drv()
 .text._ZN17Adafruit_oled_drvD2Ev
                0x08016bc0        0x2 build_roadhunter-application/Adafruit_oled_drv.o
                0x08016bc0                Adafruit_oled_drv::~Adafruit_oled_drv()
                0x08016bc0                Adafruit_oled_drv::~Adafruit_oled_drv()
 .text._ZN17Adafruit_oled_drv5clearEb
                0x08016bc2       0x22 build_roadhunter-application/Adafruit_oled_drv.o
                0x08016bc2                Adafruit_oled_drv::clear(bool)
 .text._ZNK17Adafruit_oled_drv14getFrameBufferEv
                0x08016be4        0x4 build_roadhunter-application/Adafruit_oled_drv.o
                0x08016be4                Adafruit_oled_drv::getFrameBuffer() const
 .text._ZNK17Adafruit_oled_drv18getFrameBufferSizeEv
                0x08016be8        0x6 build_roadhunter-application/Adafruit_oled_drv.o
                0x08016be8                Adafruit_oled_drv::getFrameBufferSize() const
 .text._ZN17Adafruit_oled_drv9writeByteEh
                0x08016bee       0x54 build_roadhunter-application/Adafruit_oled_drv.o
                0x08016bee                Adafruit_oled_drv::writeByte(unsigned char)
 .text._ZN17Adafruit_oled_drv8startIICEv
                0x08016c42       0x2c build_roadhunter-application/Adafruit_oled_drv.o
                0x08016c42                Adafruit_oled_drv::startIIC()
 .text._ZN17Adafruit_oled_drv7stopIICEv
                0x08016c6e       0x2c build_roadhunter-application/Adafruit_oled_drv.o
                0x08016c6e                Adafruit_oled_drv::stopIIC()
 .text._ZN17Adafruit_oled_drv12writeCommandEh
                0x08016c9a       0x2c build_roadhunter-application/Adafruit_oled_drv.o
                0x08016c9a                Adafruit_oled_drv::writeCommand(unsigned char)
 .text._ZN17Adafruit_oled_drv10display_onEv
                0x08016cc6        0x6 build_roadhunter-application/Adafruit_oled_drv.o
                0x08016cc6                Adafruit_oled_drv::display_on()
 .text._ZN17Adafruit_oled_drv11display_offEv
                0x08016ccc        0x6 build_roadhunter-application/Adafruit_oled_drv.o
                0x08016ccc                Adafruit_oled_drv::display_off()
 .text._ZN17Adafruit_oled_drv17startDataSequenceEv
                0x08016cd2       0x1c build_roadhunter-application/Adafruit_oled_drv.o
                0x08016cd2                Adafruit_oled_drv::startDataSequence()
 *fill*         0x08016cee        0x2 
 .text._ZN17Adafruit_oled_drv10initializeEv
                0x08016cf0      0x160 build_roadhunter-application/Adafruit_oled_drv.o
                0x08016cf0                Adafruit_oled_drv::initialize()
 .text._ZN17Adafruit_oled_drv6updateEv
                0x08016e50       0x72 build_roadhunter-application/Adafruit_oled_drv.o
                0x08016e50                Adafruit_oled_drv::update()
 .text._ZN17Adafruit_oled_drv9updateRowEi
                0x08016ec2       0x6c build_roadhunter-application/Adafruit_oled_drv.o
                0x08016ec2                Adafruit_oled_drv::updateRow(int)
 .text.eeprom_read
                0x08016f2e        0x4 build_roadhunter-application/eeprom.o
                0x08016f2e                eeprom_read
 .text.eeprom_erase
                0x08016f32        0x4 build_roadhunter-application/eeprom.o
                0x08016f32                eeprom_erase
 .text._ZL19link_hal_write_byteh
                0x08016f36        0x2 build_roadhunter-application/link_hal.o
 .text._ZL17link_hal_rev_byteh
                0x08016f38        0x4 build_roadhunter-application/link_hal.o
 .text._Z23link_hal_reg_write_bytePFhhE
                0x08016f3c       0x28 build_roadhunter-application/link_hal.o
                0x08016f3c                link_hal_reg_write_byte(unsigned char (*)(unsigned char))
 .text._Z21link_hal_reg_rev_bytePFhhE
                0x08016f64       0x28 build_roadhunter-application/link_hal.o
                0x08016f64                link_hal_reg_rev_byte(unsigned char (*)(unsigned char))
 .text._ZL21fsm_link_state_handleP8ak_msg_t
                0x08016f8c      0x294 build_roadhunter-application/link.o
 .text._ZL19fsm_link_state_initP8ak_msg_t
                0x08017220       0x80 build_roadhunter-application/link.o
 .text._Z9task_linkP8ak_msg_t
                0x080172a0        0xc build_roadhunter-application/link.o
                0x080172a0                task_link(ak_msg_t*)
 .text._Z23link_init_state_machinev
                0x080172ac       0x2c build_roadhunter-application/link.o
                0x080172ac                link_init_state_machine()
 .text._ZL23link_mac_frame_send_reqv
                0x080172d8       0x3c build_roadhunter-application/link_mac.o
 .text._ZL23link_mac_frame_send_endv
                0x08017314       0x34 build_roadhunter-application/link_mac.o
 .text._ZL28link_mac_frame_cals_checksumP16link_mac_frame_t.constprop.0